// Jest Snapshot v1, https://goo.gl/fbAQLP

exports[`<Contact/> try snapshot 1`] = `ShallowWrapper {}`;
