// Jest Snapshot v1, https://goo.gl/fbAQLP

exports[`<About/> try snapshot 1`] = `ShallowWrapper {}`;
